[debug] [2026-07-24T09:42:37.259Z] ----------------------------------------------------------------------
[debug] [2026-07-24T09:42:37.265Z] Command:       C:\Program Files\nodejs\node.exe C:\Users\Iyosiyas\AppData\Roaming\npm\node_modules\firebase-tools\lib\bin\firebase.js emulators:start --only functions
[debug] [2026-07-24T09:42:37.266Z] CLI Version:   15.24.0
[debug] [2026-07-24T09:42:37.267Z] Platform:      win32
[debug] [2026-07-24T09:42:37.267Z] Node Version:  v22.14.0
[debug] [2026-07-24T09:42:37.268Z] Detected Agent: open_code
[debug] [2026-07-24T09:42:37.268Z] Time:          Fri Jul 24 2026 12:42:37 GMT+0300 (East Africa Time)
[debug] [2026-07-24T09:42:37.268Z] ----------------------------------------------------------------------
[debug] 
[debug] [2026-07-24T09:42:37.304Z] >>> [apiv2][query] GET https://firebase-public.firebaseio.com/cli.json [none]
[debug] [2026-07-24T09:46:30.237Z] > command requires scopes: ["email","openid","https://www.googleapis.com/auth/cloudplatformprojects.readonly","https://www.googleapis.com/auth/firebase","https://www.googleapis.com/auth/cloud-platform"]
[debug] [2026-07-24T09:46:30.238Z] > authorizing via signed-in user (eyosiyasgezahegn326@gmail.com)
[info] i  emulators: Starting emulators: functions {"metadata":{"emulator":{"name":"hub"},"message":"Starting emulators: functions"}}
[debug] [2026-07-24T09:46:31.005Z] [logging] Logging Emulator only supports listening on one address (127.0.0.1). Not listening on ::1
[debug] [2026-07-24T09:46:31.006Z] assigned listening specs for emulators {"user":{"hub":[{"address":"127.0.0.1","family":"IPv4","port":4400},{"address":"::1","family":"IPv6","port":4400}],"ui":[{"address":"127.0.0.1","family":"IPv4","port":4000},{"address":"::1","family":"IPv6","port":4000}],"logging":[{"address":"127.0.0.1","family":"IPv4","port":4500}]},"metadata":{"message":"assigned listening specs for emulators"}}
[debug] [2026-07-24T09:46:31.359Z] Write emulator hub locator at C:\Users\Iyosiyas\AppData\Local\Temp\hub-agrilend-8cf0d.json
[debug] [2026-07-24T09:46:32.331Z] [functions] Functions Emulator only supports listening on one address (127.0.0.1). Not listening on ::1
[debug] [2026-07-24T09:46:32.332Z] [eventarc] Eventarc Emulator only supports listening on one address (127.0.0.1). Not listening on ::1
[debug] [2026-07-24T09:46:32.332Z] [tasks] Cloud Tasks Emulator only supports listening on one address (127.0.0.1). Not listening on ::1
[debug] [2026-07-24T09:46:32.332Z] late-assigned ports for functions and eventarc emulators {"user":{"hub":[{"address":"127.0.0.1","family":"IPv4","port":4400},{"address":"::1","family":"IPv6","port":4400}],"ui":[{"address":"127.0.0.1","family":"IPv4","port":4000},{"address":"::1","family":"IPv6","port":4000}],"logging":[{"address":"127.0.0.1","family":"IPv4","port":4500}],"functions":[{"address":"127.0.0.1","family":"IPv4","port":5001}],"eventarc":[{"address":"127.0.0.1","family":"IPv4","port":9299}],"tasks":[{"address":"127.0.0.1","family":"IPv4","port":9499}]},"metadata":{"message":"late-assigned ports for functions and eventarc emulators"}}
[warn] !  functions: The following emulators are not running, calls to these services from the Functions emulator will affect production: apphosting, auth, firestore, database, hosting, pubsub, storage, dataconnect {"metadata":{"emulator":{"name":"functions"},"message":"The following emulators are not running, calls to these services from the Functions emulator will affect production: \u001b[1mapphosting, auth, firestore, database, hosting, pubsub, storage, dataconnect\u001b[22m"}}
[debug] [2026-07-24T09:46:33.432Z] defaultcredentials: writing to file C:\Users\Iyosiyas\AppData\Roaming\firebase\eyosiyasgezahegn326_gmail_com_application_default_credentials.json
[debug] [2026-07-24T09:46:33.483Z] Setting GAC to C:\Users\Iyosiyas\AppData\Roaming\firebase\eyosiyasgezahegn326_gmail_com_application_default_credentials.json {"metadata":{"emulator":{"name":"functions"},"message":"Setting GAC to C:\\Users\\Iyosiyas\\AppData\\Roaming\\firebase\\eyosiyasgezahegn326_gmail_com_application_default_credentials.json"}}
[debug] [2026-07-24T09:46:33.487Z] Checked if tokens are valid: false, expires at: 1784649357129
[debug] [2026-07-24T09:46:33.488Z] Checked if tokens are valid: false, expires at: 1784649357129
[debug] [2026-07-24T09:46:33.489Z] > refreshing access token with scopes: []
[debug] [2026-07-24T09:46:33.568Z] >>> [apiv2][query] POST https://www.googleapis.com/oauth2/v3/token [none]
[debug] [2026-07-24T09:46:33.568Z] >>> [apiv2][body] POST https://www.googleapis.com/oauth2/v3/token [omitted]
[debug] [2026-07-24T09:46:36.602Z] <<< [apiv2][status] GET https://firebase-public.firebaseio.com/cli.json 200
[debug] [2026-07-24T09:46:36.603Z] <<< [apiv2][body] GET https://firebase-public.firebaseio.com/cli.json {"cloudBuildErrorAfter":1594252800000,"cloudBuildWarnAfter":1590019200000,"defaultNode10After":1594252800000,"minVersion":"3.0.5","node8DeploysDisabledAfter":1613390400000,"node8RuntimeDisabledAfter":1615809600000,"node8WarnAfter":1600128000000}
[debug] [2026-07-24T09:46:38.412Z] <<< [apiv2][status] POST https://www.googleapis.com/oauth2/v3/token 200
[debug] [2026-07-24T09:46:38.412Z] <<< [apiv2][body] POST https://www.googleapis.com/oauth2/v3/token [omitted]
[debug] [2026-07-24T09:46:59.365Z] >>> [apiv2][query] GET https://firebase.googleapis.com/v1beta1/projects/agrilend-8cf0d/adminSdkConfig [none]
[debug] [2026-07-24T09:47:01.180Z] <<< [apiv2][status] GET https://firebase.googleapis.com/v1beta1/projects/agrilend-8cf0d/adminSdkConfig 200
[debug] [2026-07-24T09:47:01.181Z] <<< [apiv2][body] GET https://firebase.googleapis.com/v1beta1/projects/agrilend-8cf0d/adminSdkConfig {"projectId":"agrilend-8cf0d","storageBucket":"agrilend-8cf0d.firebasestorage.app"}
[info] i  functions: Watching "C:\Users\Iyosiyas\Documents\API\Functions" for Cloud Functions... {"metadata":{"emulator":{"name":"functions"},"message":"Watching \"C:\\Users\\Iyosiyas\\Documents\\API\\Functions\" for Cloud Functions..."}}
[debug] [2026-07-24T09:47:01.817Z] Validating nodejs source
[debug] [2026-07-24T09:47:12.751Z] checkFunctionsSDKVersion was unable to fetch information from NPM Error: spawnSync C:\Windows\system32\cmd.exe ETIMEDOUT
    at Object.spawnSync (node:internal/child_process:1120:20)
    at Object.spawnSync (node:child_process:868:24)
    at Function.spawnSync [as sync] (C:\Users\Iyosiyas\AppData\Roaming\npm\node_modules\firebase-tools\node_modules\cross-spawn\index.js:26:23)
    at Object.getLatestSDKVersion (C:\Users\Iyosiyas\AppData\Roaming\npm\node_modules\firebase-tools\lib\deploy\functions\runtimes\node\versioning.js:55:25)
    at Object.checkFunctionsSDKVersion (C:\Users\Iyosiyas\AppData\Roaming\npm\node_modules\firebase-tools\lib\deploy\functions\runtimes\node\versioning.js:74:32)
    at Delegate.validate (C:\Users\Iyosiyas\AppData\Roaming\npm\node_modules\firebase-tools\lib\deploy\functions\runtimes\node\index.js:87:20)
    at FunctionsEmulator.discoverTriggers (C:\Users\Iyosiyas\AppData\Roaming\npm\node_modules\firebase-tools\lib\emulator\functionsEmulator.js:352:35)
    at async FunctionsEmulator.loadTriggers (C:\Users\Iyosiyas\AppData\Roaming\npm\node_modules\firebase-tools\lib\emulator\functionsEmulator.js:399:34)
    at async FunctionsEmulator.connect (C:\Users\Iyosiyas\AppData\Roaming\npm\node_modules\firebase-tools\lib\emulator\functionsEmulator.js:274:13)
    at async Object.startAll (C:\Users\Iyosiyas\AppData\Roaming\npm\node_modules\firebase-tools\lib\emulator\controller.js:695:13)
[debug] [2026-07-24T09:47:12.752Z] > [functions] package.json contents: {
  "name": "functions",
  "description": "Cloud Functions for Agri-Lend Geospatial API",
  "scripts": {
    "serve": "firebase emulators:start --only functions",
    "shell": "firebase functions:shell",
    "start": "npm run shell",
    "deploy": "firebase deploy --only functions",
    "logs": "firebase functions:log"
  },
  "engines": {
    "node": "22"
  },
  "main": "index.js",
  "dependencies": {
    "@google/earthengine": "^1.7.0",
    "cors": "^2.8.6",
    "express": "^4.21.0",
    "firebase-admin": "^13.0.0",
    "firebase-functions": "^7.0.0"
  },
  "devDependencies": {
    "firebase-functions-test": "^3.5.0"
  },
  "private": true
}
[debug] [2026-07-24T09:47:12.753Z] Building nodejs source
[debug] [2026-07-24T09:47:12.754Z] Failed to find version of module node: reached end of search path C:\Users\Iyosiyas\Documents\API\Functions\node_modules
[info] +  functions: Using node@22 from host. 
[debug] [2026-07-24T09:47:12.919Z] Could not find functions.yaml. Must use http discovery
[debug] [2026-07-24T09:47:13.066Z] Found firebase-functions binary at 'C:\Users\Iyosiyas\Documents\API\Functions\node_modules\.bin\firebase-functions'
[debug] [2026-07-24T09:47:23.451Z] Failed to call quitquitquit. This often means the server failed to start fetch failed {}
[error] !!  functions: Failed to load function definition from source: FirebaseError: User code failed to load. Cannot determine backend specification. Timeout after 10000. See https://firebase.google.com/docs/functions/tips#avoid_deployment_timeouts_during_initialization' {"metadata":{"emulator":{"name":"functions"},"message":"Failed to load function definition from source: FirebaseError: User code failed to load. Cannot determine backend specification. Timeout after 10000. See https://firebase.google.com/docs/functions/tips#avoid_deployment_timeouts_during_initialization'"}}
[debug] [2026-07-24T09:47:34.042Z] Could not find VSCode notification endpoint: TypeError: fetch failed. If you are not running the Firebase SQL Connect VSCode extension, this is expected and not an issue.
[info] 
┌─────────────────────────────────────────────────────────────┐
│ ✔  All emulators ready! It is now safe to connect your app. │
│ i  View Emulator UI at http://127.0.0.1:4000/               │
└─────────────────────────────────────────────────────────────┘

┌───────────┬────────────────┬─────────────────────────────────┐
│ Emulator  │ Host:Port      │ View in Emulator UI             │
├───────────┼────────────────┼─────────────────────────────────┤
│ Functions │ 127.0.0.1:5001 │ http://127.0.0.1:4000/functions │
└───────────┴────────────────┴─────────────────────────────────┘
  Emulator Hub host: 127.0.0.1 port: 4400
  Other reserved ports: 4500

Issues? Report them at https://github.com/firebase/firebase-tools/issues and attach the *-debug.log files.
 
